  Wiederherzustellende Projekte werden ermittelt...
D:\Repositories\softwareschmiede\06d97d8d-850b-4233-921f-907b93a4e0fe\FinanceManager.Tests.Integration\FinanceManager.Tests.Integration.csproj : warning NU1903: Das Paket "SQLitePCLRaw.lib.e_sqlite3" 2.1.11 weist eine bekannte hoch Schweregrad-Sicherheitsanfälligkeit auf, https://github.com/advisories/GHSA-2m69-gcr7-jv3q. [D:\Repositories\softwareschmiede\06d97d8d-850b-4233-921f-907b93a4e0fe\FinanceManager.Tests.E2E\FinanceManager.Tests.E2E.csproj]
D:\Repositories\softwareschmiede\06d97d8d-850b-4233-921f-907b93a4e0fe\FinanceManager.Tests.E2E\FinanceManager.Tests.E2E.csproj : warning NU1903: Das Paket "SQLitePCLRaw.lib.e_sqlite3" 2.1.11 weist eine bekannte hoch Schweregrad-Sicherheitsanfälligkeit auf, https://github.com/advisories/GHSA-2m69-gcr7-jv3q.
D:\Repositories\softwareschmiede\06d97d8d-850b-4233-921f-907b93a4e0fe\FinanceManager.Web\FinanceManager.Web.csproj : warning NU1510: PackageReference Microsoft.Extensions.Caching.Memory wird nicht gekürzt. Dieses Paket ist automatisch verfügbar und muss nicht explizit referenziert werden. Entfernen Sie das PackageReference-Element. [D:\Repositories\softwareschmiede\06d97d8d-850b-4233-921f-907b93a4e0fe\FinanceManager.Tests.E2E\FinanceManager.Tests.E2E.csproj]
D:\Repositories\softwareschmiede\06d97d8d-850b-4233-921f-907b93a4e0fe\FinanceManager.Tests\FinanceManager.Tests.csproj : warning NU1903: Das Paket "SQLitePCLRaw.lib.e_sqlite3" 2.1.11 weist eine bekannte hoch Schweregrad-Sicherheitsanfälligkeit auf, https://github.com/advisories/GHSA-2m69-gcr7-jv3q. [D:\Repositories\softwareschmiede\06d97d8d-850b-4233-921f-907b93a4e0fe\FinanceManager.Tests.E2E\FinanceManager.Tests.E2E.csproj]
D:\Repositories\softwareschmiede\06d97d8d-850b-4233-921f-907b93a4e0fe\FinanceManager.Infrastructure\FinanceManager.Infrastructure.csproj : warning NU1903: Das Paket "SQLitePCLRaw.lib.e_sqlite3" 2.1.11 weist eine bekannte hoch Schweregrad-Sicherheitsanfälligkeit auf, https://github.com/advisories/GHSA-2m69-gcr7-jv3q. [D:\Repositories\softwareschmiede\06d97d8d-850b-4233-921f-907b93a4e0fe\FinanceManager.Tests.E2E\FinanceManager.Tests.E2E.csproj]
D:\Repositories\softwareschmiede\06d97d8d-850b-4233-921f-907b93a4e0fe\FinanceManager.Infrastructure\FinanceManager.Infrastructure.csproj : warning NU1903: Das Paket "System.Security.Cryptography.Xml" 10.0.7 weist eine bekannte hoch Schweregrad-Sicherheitsanfälligkeit auf, https://github.com/advisories/GHSA-23rf-6693-g89p. [D:\Repositories\softwareschmiede\06d97d8d-850b-4233-921f-907b93a4e0fe\FinanceManager.Tests.E2E\FinanceManager.Tests.E2E.csproj]
D:\Repositories\softwareschmiede\06d97d8d-850b-4233-921f-907b93a4e0fe\FinanceManager.Tests.Integration\FinanceManager.Tests.Integration.csproj : warning NU1903: Das Paket "System.Security.Cryptography.Xml" 10.0.7 weist eine bekannte hoch Schweregrad-Sicherheitsanfälligkeit auf, https://github.com/advisories/GHSA-23rf-6693-g89p. [D:\Repositories\softwareschmiede\06d97d8d-850b-4233-921f-907b93a4e0fe\FinanceManager.Tests.E2E\FinanceManager.Tests.E2E.csproj]
D:\Repositories\softwareschmiede\06d97d8d-850b-4233-921f-907b93a4e0fe\FinanceManager.Tests.E2E\FinanceManager.Tests.E2E.csproj : warning NU1903: Das Paket "System.Security.Cryptography.Xml" 10.0.7 weist eine bekannte hoch Schweregrad-Sicherheitsanfälligkeit auf, https://github.com/advisories/GHSA-23rf-6693-g89p.
D:\Repositories\softwareschmiede\06d97d8d-850b-4233-921f-907b93a4e0fe\FinanceManager.Infrastructure\FinanceManager.Infrastructure.csproj : warning NU1903: Das Paket "System.Security.Cryptography.Xml" 10.0.7 weist eine bekannte hoch Schweregrad-Sicherheitsanfälligkeit auf, https://github.com/advisories/GHSA-8q5v-6pqq-x66h. [D:\Repositories\softwareschmiede\06d97d8d-850b-4233-921f-907b93a4e0fe\FinanceManager.Tests.E2E\FinanceManager.Tests.E2E.csproj]
D:\Repositories\softwareschmiede\06d97d8d-850b-4233-921f-907b93a4e0fe\FinanceManager.Web\FinanceManager.Web.csproj : warning NU1510: PackageReference Microsoft.Extensions.Http wird nicht gekürzt. Dieses Paket ist automatisch verfügbar und muss nicht explizit referenziert werden. Entfernen Sie das PackageReference-Element. [D:\Repositories\softwareschmiede\06d97d8d-850b-4233-921f-907b93a4e0fe\FinanceManager.Tests.E2E\FinanceManager.Tests.E2E.csproj]
D:\Repositories\softwareschmiede\06d97d8d-850b-4233-921f-907b93a4e0fe\FinanceManager.Tests\FinanceManager.Tests.csproj : warning NU1903: Das Paket "System.Security.Cryptography.Xml" 10.0.7 weist eine bekannte hoch Schweregrad-Sicherheitsanfälligkeit auf, https://github.com/advisories/GHSA-23rf-6693-g89p. [D:\Repositories\softwareschmiede\06d97d8d-850b-4233-921f-907b93a4e0fe\FinanceManager.Tests.E2E\FinanceManager.Tests.E2E.csproj]
D:\Repositories\softwareschmiede\06d97d8d-850b-4233-921f-907b93a4e0fe\FinanceManager.Tests.Integration\FinanceManager.Tests.Integration.csproj : warning NU1903: Das Paket "System.Security.Cryptography.Xml" 10.0.7 weist eine bekannte hoch Schweregrad-Sicherheitsanfälligkeit auf, https://github.com/advisories/GHSA-8q5v-6pqq-x66h. [D:\Repositories\softwareschmiede\06d97d8d-850b-4233-921f-907b93a4e0fe\FinanceManager.Tests.E2E\FinanceManager.Tests.E2E.csproj]
D:\Repositories\softwareschmiede\06d97d8d-850b-4233-921f-907b93a4e0fe\FinanceManager.Tests.E2E\FinanceManager.Tests.E2E.csproj : warning NU1903: Das Paket "System.Security.Cryptography.Xml" 10.0.7 weist eine bekannte hoch Schweregrad-Sicherheitsanfälligkeit auf, https://github.com/advisories/GHSA-8q5v-6pqq-x66h.
D:\Repositories\softwareschmiede\06d97d8d-850b-4233-921f-907b93a4e0fe\FinanceManager.Web\FinanceManager.Web.csproj : warning NU1510: PackageReference Microsoft.Extensions.Hosting.Abstractions wird nicht gekürzt. Dieses Paket ist automatisch verfügbar und muss nicht explizit referenziert werden. Entfernen Sie das PackageReference-Element. [D:\Repositories\softwareschmiede\06d97d8d-850b-4233-921f-907b93a4e0fe\FinanceManager.Tests.E2E\FinanceManager.Tests.E2E.csproj]
D:\Repositories\softwareschmiede\06d97d8d-850b-4233-921f-907b93a4e0fe\FinanceManager.Tests\FinanceManager.Tests.csproj : warning NU1903: Das Paket "System.Security.Cryptography.Xml" 10.0.7 weist eine bekannte hoch Schweregrad-Sicherheitsanfälligkeit auf, https://github.com/advisories/GHSA-8q5v-6pqq-x66h. [D:\Repositories\softwareschmiede\06d97d8d-850b-4233-921f-907b93a4e0fe\FinanceManager.Tests.E2E\FinanceManager.Tests.E2E.csproj]
D:\Repositories\softwareschmiede\06d97d8d-850b-4233-921f-907b93a4e0fe\FinanceManager.Tests.Integration\FinanceManager.Tests.Integration.csproj : warning NU1903: Das Paket "System.Security.Cryptography.Xml" 10.0.7 weist eine bekannte hoch Schweregrad-Sicherheitsanfälligkeit auf, https://github.com/advisories/GHSA-cvvh-rhrc-wg4q. [D:\Repositories\softwareschmiede\06d97d8d-850b-4233-921f-907b93a4e0fe\FinanceManager.Tests.E2E\FinanceManager.Tests.E2E.csproj]
D:\Repositories\softwareschmiede\06d97d8d-850b-4233-921f-907b93a4e0fe\FinanceManager.Infrastructure\FinanceManager.Infrastructure.csproj : warning NU1903: Das Paket "System.Security.Cryptography.Xml" 10.0.7 weist eine bekannte hoch Schweregrad-Sicherheitsanfälligkeit auf, https://github.com/advisories/GHSA-cvvh-rhrc-wg4q. [D:\Repositories\softwareschmiede\06d97d8d-850b-4233-921f-907b93a4e0fe\FinanceManager.Tests.E2E\FinanceManager.Tests.E2E.csproj]
D:\Repositories\softwareschmiede\06d97d8d-850b-4233-921f-907b93a4e0fe\FinanceManager.Web\FinanceManager.Web.csproj : warning NU1510: PackageReference Microsoft.Extensions.Identity.Core wird nicht gekürzt. Dieses Paket ist automatisch verfügbar und muss nicht explizit referenziert werden. Entfernen Sie das PackageReference-Element. [D:\Repositories\softwareschmiede\06d97d8d-850b-4233-921f-907b93a4e0fe\FinanceManager.Tests.E2E\FinanceManager.Tests.E2E.csproj]
D:\Repositories\softwareschmiede\06d97d8d-850b-4233-921f-907b93a4e0fe\FinanceManager.Tests.E2E\FinanceManager.Tests.E2E.csproj : warning NU1903: Das Paket "System.Security.Cryptography.Xml" 10.0.7 weist eine bekannte hoch Schweregrad-Sicherheitsanfälligkeit auf, https://github.com/advisories/GHSA-cvvh-rhrc-wg4q.
D:\Repositories\softwareschmiede\06d97d8d-850b-4233-921f-907b93a4e0fe\FinanceManager.Infrastructure\FinanceManager.Infrastructure.csproj : warning NU1903: Das Paket "System.Security.Cryptography.Xml" 10.0.7 weist eine bekannte hoch Schweregrad-Sicherheitsanfälligkeit auf, https://github.com/advisories/GHSA-g8r8-53c2-pm3f. [D:\Repositories\softwareschmiede\06d97d8d-850b-4233-921f-907b93a4e0fe\FinanceManager.Tests.E2E\FinanceManager.Tests.E2E.csproj]
D:\Repositories\softwareschmiede\06d97d8d-850b-4233-921f-907b93a4e0fe\FinanceManager.Tests.Integration\FinanceManager.Tests.Integration.csproj : warning NU1903: Das Paket "System.Security.Cryptography.Xml" 10.0.7 weist eine bekannte hoch Schweregrad-Sicherheitsanfälligkeit auf, https://github.com/advisories/GHSA-g8r8-53c2-pm3f. [D:\Repositories\softwareschmiede\06d97d8d-850b-4233-921f-907b93a4e0fe\FinanceManager.Tests.E2E\FinanceManager.Tests.E2E.csproj]
D:\Repositories\softwareschmiede\06d97d8d-850b-4233-921f-907b93a4e0fe\FinanceManager.Web\FinanceManager.Web.csproj : warning NU1510: PackageReference Microsoft.AspNetCore.Cryptography.KeyDerivation wird nicht gekürzt. Dieses Paket ist automatisch verfügbar und muss nicht explizit referenziert werden. Entfernen Sie das PackageReference-Element. [D:\Repositories\softwareschmiede\06d97d8d-850b-4233-921f-907b93a4e0fe\FinanceManager.Tests.E2E\FinanceManager.Tests.E2E.csproj]
D:\Repositories\softwareschmiede\06d97d8d-850b-4233-921f-907b93a4e0fe\FinanceManager.Tests.Integration\FinanceManager.Tests.Integration.csproj : warning NU1903: Das Paket "System.Security.Cryptography.Xml" 10.0.7 weist eine bekannte hoch Schweregrad-Sicherheitsanfälligkeit auf, https://github.com/advisories/GHSA-mmjf-rqrv-855v. [D:\Repositories\softwareschmiede\06d97d8d-850b-4233-921f-907b93a4e0fe\FinanceManager.Tests.E2E\FinanceManager.Tests.E2E.csproj]
D:\Repositories\softwareschmiede\06d97d8d-850b-4233-921f-907b93a4e0fe\FinanceManager.Infrastructure\FinanceManager.Infrastructure.csproj : warning NU1903: Das Paket "System.Security.Cryptography.Xml" 10.0.7 weist eine bekannte hoch Schweregrad-Sicherheitsanfälligkeit auf, https://github.com/advisories/GHSA-mmjf-rqrv-855v. [D:\Repositories\softwareschmiede\06d97d8d-850b-4233-921f-907b93a4e0fe\FinanceManager.Tests.E2E\FinanceManager.Tests.E2E.csproj]
D:\Repositories\softwareschmiede\06d97d8d-850b-4233-921f-907b93a4e0fe\FinanceManager.Tests.E2E\FinanceManager.Tests.E2E.csproj : warning NU1903: Das Paket "System.Security.Cryptography.Xml" 10.0.7 weist eine bekannte hoch Schweregrad-Sicherheitsanfälligkeit auf, https://github.com/advisories/GHSA-g8r8-53c2-pm3f.
D:\Repositories\softwareschmiede\06d97d8d-850b-4233-921f-907b93a4e0fe\FinanceManager.Tests\FinanceManager.Tests.csproj : warning NU1903: Das Paket "System.Security.Cryptography.Xml" 10.0.7 weist eine bekannte hoch Schweregrad-Sicherheitsanfälligkeit auf, https://github.com/advisories/GHSA-cvvh-rhrc-wg4q. [D:\Repositories\softwareschmiede\06d97d8d-850b-4233-921f-907b93a4e0fe\FinanceManager.Tests.E2E\FinanceManager.Tests.E2E.csproj]
D:\Repositories\softwareschmiede\06d97d8d-850b-4233-921f-907b93a4e0fe\FinanceManager.Web\FinanceManager.Web.csproj : warning NU1903: Das Paket "SQLitePCLRaw.lib.e_sqlite3" 2.1.11 weist eine bekannte hoch Schweregrad-Sicherheitsanfälligkeit auf, https://github.com/advisories/GHSA-2m69-gcr7-jv3q. [D:\Repositories\softwareschmiede\06d97d8d-850b-4233-921f-907b93a4e0fe\FinanceManager.Tests.E2E\FinanceManager.Tests.E2E.csproj]
D:\Repositories\softwareschmiede\06d97d8d-850b-4233-921f-907b93a4e0fe\FinanceManager.Tests.E2E\FinanceManager.Tests.E2E.csproj : warning NU1903: Das Paket "System.Security.Cryptography.Xml" 10.0.7 weist eine bekannte hoch Schweregrad-Sicherheitsanfälligkeit auf, https://github.com/advisories/GHSA-mmjf-rqrv-855v.
D:\Repositories\softwareschmiede\06d97d8d-850b-4233-921f-907b93a4e0fe\FinanceManager.Tests\FinanceManager.Tests.csproj : warning NU1903: Das Paket "System.Security.Cryptography.Xml" 10.0.7 weist eine bekannte hoch Schweregrad-Sicherheitsanfälligkeit auf, https://github.com/advisories/GHSA-g8r8-53c2-pm3f. [D:\Repositories\softwareschmiede\06d97d8d-850b-4233-921f-907b93a4e0fe\FinanceManager.Tests.E2E\FinanceManager.Tests.E2E.csproj]
D:\Repositories\softwareschmiede\06d97d8d-850b-4233-921f-907b93a4e0fe\FinanceManager.Tests\FinanceManager.Tests.csproj : warning NU1903: Das Paket "System.Security.Cryptography.Xml" 10.0.7 weist eine bekannte hoch Schweregrad-Sicherheitsanfälligkeit auf, https://github.com/advisories/GHSA-mmjf-rqrv-855v. [D:\Repositories\softwareschmiede\06d97d8d-850b-4233-921f-907b93a4e0fe\FinanceManager.Tests.E2E\FinanceManager.Tests.E2E.csproj]
  Alle Projekte sind für die Wiederherstellung auf dem neuesten Stand.
D:\Repositories\softwareschmiede\06d97d8d-850b-4233-921f-907b93a4e0fe\FinanceManager.Tests.E2E\FinanceManager.Tests.E2E.csproj : warning NU1903: Das Paket "SQLitePCLRaw.lib.e_sqlite3" 2.1.11 weist eine bekannte hoch Schweregrad-Sicherheitsanfälligkeit auf, https://github.com/advisories/GHSA-2m69-gcr7-jv3q.
D:\Repositories\softwareschmiede\06d97d8d-850b-4233-921f-907b93a4e0fe\FinanceManager.Tests.E2E\FinanceManager.Tests.E2E.csproj : warning NU1903: Das Paket "System.Security.Cryptography.Xml" 10.0.7 weist eine bekannte hoch Schweregrad-Sicherheitsanfälligkeit auf, https://github.com/advisories/GHSA-23rf-6693-g89p.
D:\Repositories\softwareschmiede\06d97d8d-850b-4233-921f-907b93a4e0fe\FinanceManager.Tests.E2E\FinanceManager.Tests.E2E.csproj : warning NU1903: Das Paket "System.Security.Cryptography.Xml" 10.0.7 weist eine bekannte hoch Schweregrad-Sicherheitsanfälligkeit auf, https://github.com/advisories/GHSA-8q5v-6pqq-x66h.
D:\Repositories\softwareschmiede\06d97d8d-850b-4233-921f-907b93a4e0fe\FinanceManager.Tests.E2E\FinanceManager.Tests.E2E.csproj : warning NU1903: Das Paket "System.Security.Cryptography.Xml" 10.0.7 weist eine bekannte hoch Schweregrad-Sicherheitsanfälligkeit auf, https://github.com/advisories/GHSA-cvvh-rhrc-wg4q.
D:\Repositories\softwareschmiede\06d97d8d-850b-4233-921f-907b93a4e0fe\FinanceManager.Tests.E2E\FinanceManager.Tests.E2E.csproj : warning NU1903: Das Paket "System.Security.Cryptography.Xml" 10.0.7 weist eine bekannte hoch Schweregrad-Sicherheitsanfälligkeit auf, https://github.com/advisories/GHSA-g8r8-53c2-pm3f.
D:\Repositories\softwareschmiede\06d97d8d-850b-4233-921f-907b93a4e0fe\FinanceManager.Tests.E2E\FinanceManager.Tests.E2E.csproj : warning NU1903: Das Paket "System.Security.Cryptography.Xml" 10.0.7 weist eine bekannte hoch Schweregrad-Sicherheitsanfälligkeit auf, https://github.com/advisories/GHSA-mmjf-rqrv-855v.
D:\Repositories\softwareschmiede\06d97d8d-850b-4233-921f-907b93a4e0fe\FinanceManager.Web\FinanceManager.Web.csproj : warning NU1510: PackageReference Microsoft.Extensions.Caching.Memory wird nicht gekürzt. Dieses Paket ist automatisch verfügbar und muss nicht explizit referenziert werden. Entfernen Sie das PackageReference-Element.
D:\Repositories\softwareschmiede\06d97d8d-850b-4233-921f-907b93a4e0fe\FinanceManager.Web\FinanceManager.Web.csproj : warning NU1510: PackageReference Microsoft.Extensions.Http wird nicht gekürzt. Dieses Paket ist automatisch verfügbar und muss nicht explizit referenziert werden. Entfernen Sie das PackageReference-Element.
D:\Repositories\softwareschmiede\06d97d8d-850b-4233-921f-907b93a4e0fe\FinanceManager.Web\FinanceManager.Web.csproj : warning NU1510: PackageReference Microsoft.Extensions.Hosting.Abstractions wird nicht gekürzt. Dieses Paket ist automatisch verfügbar und muss nicht explizit referenziert werden. Entfernen Sie das PackageReference-Element.
D:\Repositories\softwareschmiede\06d97d8d-850b-4233-921f-907b93a4e0fe\FinanceManager.Web\FinanceManager.Web.csproj : warning NU1510: PackageReference Microsoft.Extensions.Identity.Core wird nicht gekürzt. Dieses Paket ist automatisch verfügbar und muss nicht explizit referenziert werden. Entfernen Sie das PackageReference-Element.
D:\Repositories\softwareschmiede\06d97d8d-850b-4233-921f-907b93a4e0fe\FinanceManager.Web\FinanceManager.Web.csproj : warning NU1510: PackageReference Microsoft.AspNetCore.Cryptography.KeyDerivation wird nicht gekürzt. Dieses Paket ist automatisch verfügbar und muss nicht explizit referenziert werden. Entfernen Sie das PackageReference-Element.
D:\Repositories\softwareschmiede\06d97d8d-850b-4233-921f-907b93a4e0fe\FinanceManager.Web\FinanceManager.Web.csproj : warning NU1903: Das Paket "SQLitePCLRaw.lib.e_sqlite3" 2.1.11 weist eine bekannte hoch Schweregrad-Sicherheitsanfälligkeit auf, https://github.com/advisories/GHSA-2m69-gcr7-jv3q.
D:\Repositories\softwareschmiede\06d97d8d-850b-4233-921f-907b93a4e0fe\FinanceManager.Tests.Integration\FinanceManager.Tests.Integration.csproj : warning NU1903: Das Paket "SQLitePCLRaw.lib.e_sqlite3" 2.1.11 weist eine bekannte hoch Schweregrad-Sicherheitsanfälligkeit auf, https://github.com/advisories/GHSA-2m69-gcr7-jv3q.
D:\Repositories\softwareschmiede\06d97d8d-850b-4233-921f-907b93a4e0fe\FinanceManager.Tests.Integration\FinanceManager.Tests.Integration.csproj : warning NU1903: Das Paket "System.Security.Cryptography.Xml" 10.0.7 weist eine bekannte hoch Schweregrad-Sicherheitsanfälligkeit auf, https://github.com/advisories/GHSA-23rf-6693-g89p.
D:\Repositories\softwareschmiede\06d97d8d-850b-4233-921f-907b93a4e0fe\FinanceManager.Tests.Integration\FinanceManager.Tests.Integration.csproj : warning NU1903: Das Paket "System.Security.Cryptography.Xml" 10.0.7 weist eine bekannte hoch Schweregrad-Sicherheitsanfälligkeit auf, https://github.com/advisories/GHSA-8q5v-6pqq-x66h.
D:\Repositories\softwareschmiede\06d97d8d-850b-4233-921f-907b93a4e0fe\FinanceManager.Tests.Integration\FinanceManager.Tests.Integration.csproj : warning NU1903: Das Paket "System.Security.Cryptography.Xml" 10.0.7 weist eine bekannte hoch Schweregrad-Sicherheitsanfälligkeit auf, https://github.com/advisories/GHSA-cvvh-rhrc-wg4q.
D:\Repositories\softwareschmiede\06d97d8d-850b-4233-921f-907b93a4e0fe\FinanceManager.Tests.Integration\FinanceManager.Tests.Integration.csproj : warning NU1903: Das Paket "System.Security.Cryptography.Xml" 10.0.7 weist eine bekannte hoch Schweregrad-Sicherheitsanfälligkeit auf, https://github.com/advisories/GHSA-g8r8-53c2-pm3f.
D:\Repositories\softwareschmiede\06d97d8d-850b-4233-921f-907b93a4e0fe\FinanceManager.Tests.Integration\FinanceManager.Tests.Integration.csproj : warning NU1903: Das Paket "System.Security.Cryptography.Xml" 10.0.7 weist eine bekannte hoch Schweregrad-Sicherheitsanfälligkeit auf, https://github.com/advisories/GHSA-mmjf-rqrv-855v.
D:\Repositories\softwareschmiede\06d97d8d-850b-4233-921f-907b93a4e0fe\FinanceManager.Infrastructure\FinanceManager.Infrastructure.csproj : warning NU1903: Das Paket "SQLitePCLRaw.lib.e_sqlite3" 2.1.11 weist eine bekannte hoch Schweregrad-Sicherheitsanfälligkeit auf, https://github.com/advisories/GHSA-2m69-gcr7-jv3q.
D:\Repositories\softwareschmiede\06d97d8d-850b-4233-921f-907b93a4e0fe\FinanceManager.Infrastructure\FinanceManager.Infrastructure.csproj : warning NU1903: Das Paket "System.Security.Cryptography.Xml" 10.0.7 weist eine bekannte hoch Schweregrad-Sicherheitsanfälligkeit auf, https://github.com/advisories/GHSA-23rf-6693-g89p.
D:\Repositories\softwareschmiede\06d97d8d-850b-4233-921f-907b93a4e0fe\FinanceManager.Infrastructure\FinanceManager.Infrastructure.csproj : warning NU1903: Das Paket "System.Security.Cryptography.Xml" 10.0.7 weist eine bekannte hoch Schweregrad-Sicherheitsanfälligkeit auf, https://github.com/advisories/GHSA-8q5v-6pqq-x66h.
D:\Repositories\softwareschmiede\06d97d8d-850b-4233-921f-907b93a4e0fe\FinanceManager.Infrastructure\FinanceManager.Infrastructure.csproj : warning NU1903: Das Paket "System.Security.Cryptography.Xml" 10.0.7 weist eine bekannte hoch Schweregrad-Sicherheitsanfälligkeit auf, https://github.com/advisories/GHSA-cvvh-rhrc-wg4q.
D:\Repositories\softwareschmiede\06d97d8d-850b-4233-921f-907b93a4e0fe\FinanceManager.Infrastructure\FinanceManager.Infrastructure.csproj : warning NU1903: Das Paket "System.Security.Cryptography.Xml" 10.0.7 weist eine bekannte hoch Schweregrad-Sicherheitsanfälligkeit auf, https://github.com/advisories/GHSA-g8r8-53c2-pm3f.
D:\Repositories\softwareschmiede\06d97d8d-850b-4233-921f-907b93a4e0fe\FinanceManager.Infrastructure\FinanceManager.Infrastructure.csproj : warning NU1903: Das Paket "System.Security.Cryptography.Xml" 10.0.7 weist eine bekannte hoch Schweregrad-Sicherheitsanfälligkeit auf, https://github.com/advisories/GHSA-mmjf-rqrv-855v.
D:\Repositories\softwareschmiede\06d97d8d-850b-4233-921f-907b93a4e0fe\FinanceManager.Tests\FinanceManager.Tests.csproj : warning NU1903: Das Paket "SQLitePCLRaw.lib.e_sqlite3" 2.1.11 weist eine bekannte hoch Schweregrad-Sicherheitsanfälligkeit auf, https://github.com/advisories/GHSA-2m69-gcr7-jv3q.
D:\Repositories\softwareschmiede\06d97d8d-850b-4233-921f-907b93a4e0fe\FinanceManager.Tests\FinanceManager.Tests.csproj : warning NU1903: Das Paket "System.Security.Cryptography.Xml" 10.0.7 weist eine bekannte hoch Schweregrad-Sicherheitsanfälligkeit auf, https://github.com/advisories/GHSA-23rf-6693-g89p.
D:\Repositories\softwareschmiede\06d97d8d-850b-4233-921f-907b93a4e0fe\FinanceManager.Tests\FinanceManager.Tests.csproj : warning NU1903: Das Paket "System.Security.Cryptography.Xml" 10.0.7 weist eine bekannte hoch Schweregrad-Sicherheitsanfälligkeit auf, https://github.com/advisories/GHSA-8q5v-6pqq-x66h.
D:\Repositories\softwareschmiede\06d97d8d-850b-4233-921f-907b93a4e0fe\FinanceManager.Tests\FinanceManager.Tests.csproj : warning NU1903: Das Paket "System.Security.Cryptography.Xml" 10.0.7 weist eine bekannte hoch Schweregrad-Sicherheitsanfälligkeit auf, https://github.com/advisories/GHSA-cvvh-rhrc-wg4q.
D:\Repositories\softwareschmiede\06d97d8d-850b-4233-921f-907b93a4e0fe\FinanceManager.Tests\FinanceManager.Tests.csproj : warning NU1903: Das Paket "System.Security.Cryptography.Xml" 10.0.7 weist eine bekannte hoch Schweregrad-Sicherheitsanfälligkeit auf, https://github.com/advisories/GHSA-g8r8-53c2-pm3f.
D:\Repositories\softwareschmiede\06d97d8d-850b-4233-921f-907b93a4e0fe\FinanceManager.Tests\FinanceManager.Tests.csproj : warning NU1903: Das Paket "System.Security.Cryptography.Xml" 10.0.7 weist eine bekannte hoch Schweregrad-Sicherheitsanfälligkeit auf, https://github.com/advisories/GHSA-mmjf-rqrv-855v.
  FinanceManager.Shared -> D:\Repositories\softwareschmiede\06d97d8d-850b-4233-921f-907b93a4e0fe\FinanceManager.Shared\bin\Debug\net10.0\FinanceManager.Shared.dll
  FinanceManager.Domain -> D:\Repositories\softwareschmiede\06d97d8d-850b-4233-921f-907b93a4e0fe\FinanceManager.Domain\bin\Debug\net10.0\FinanceManager.Domain.dll
  FinanceManager.Application -> D:\Repositories\softwareschmiede\06d97d8d-850b-4233-921f-907b93a4e0fe\FinanceManager.Application\bin\Debug\net10.0\FinanceManager.Application.dll
  FinanceManager.Infrastructure -> D:\Repositories\softwareschmiede\06d97d8d-850b-4233-921f-907b93a4e0fe\FinanceManager.Infrastructure\bin\Debug\net10.0\FinanceManager.Infrastructure.dll
  FinanceManager.Web -> D:\Repositories\softwareschmiede\06d97d8d-850b-4233-921f-907b93a4e0fe\FinanceManager.Web\bin\Debug\net10.0\FinanceManager.Web.dll
  FinanceManager.Tests -> D:\Repositories\softwareschmiede\06d97d8d-850b-4233-921f-907b93a4e0fe\FinanceManager.Tests\bin\Debug\net10.0\FinanceManager.Tests.dll
  FinanceManager.Tests.Integration -> D:\Repositories\softwareschmiede\06d97d8d-850b-4233-921f-907b93a4e0fe\FinanceManager.Tests.Integration\bin\Debug\net10.0\FinanceManager.Tests.Integration.dll
  FinanceManager.Tests.E2E -> D:\Repositories\softwareschmiede\06d97d8d-850b-4233-921f-907b93a4e0fe\FinanceManager.Tests.E2E\bin\Debug\net10.0\FinanceManager.Tests.E2E.dll
Testlauf für "D:\Repositories\softwareschmiede\06d97d8d-850b-4233-921f-907b93a4e0fe\FinanceManager.Tests.E2E\bin\Debug\net10.0\FinanceManager.Tests.E2E.dll" (.NETCoreApp,Version=v10.0)
Insgesamt 1 Testdateien stimmten mit dem angegebenen Muster überein.
[xUnit.net 00:00:07.49]     FinanceManager.Tests.E2E.ProfileSettingsLanguageTests.NewUser_WithoutLanguagePreference_UsesBrowserLanguage [FAIL]
  Fehler FinanceManager.Tests.E2E.ProfileSettingsLanguageTests.NewUser_WithoutLanguagePreference_UsesBrowserLanguage [2 s]
  Fehlermeldung:
   Expected profileTitleEn to be greater than 0 because Automatic mode should use browser language (en-US) — section title should say 'Profile', but found 0.
  Stapelverfolgung:
     at FluentAssertions.Numeric.NumericAssertionsBase`3.BeGreaterThan(T expected, String because, Object[] becauseArgs)
   at FinanceManager.Tests.E2E.ProfileSettingsLanguageTests.NewUser_WithoutLanguagePreference_UsesBrowserLanguage() in D:\Repositories\softwareschmiede\06d97d8d-850b-4233-921f-907b93a4e0fe\FinanceManager.Tests.E2E\Tests\ProfileSettings\ProfileSettingsLanguageTests.cs:line 82
   at FinanceManager.Tests.E2E.ProfileSettingsLanguageTests.NewUser_WithoutLanguagePreference_UsesBrowserLanguage() in D:\Repositories\softwareschmiede\06d97d8d-850b-4233-921f-907b93a4e0fe\FinanceManager.Tests.E2E\Tests\ProfileSettings\ProfileSettingsLanguageTests.cs:line 82
--- End of stack trace from previous location ---

Fehler!      : Fehler:     1, erfolgreich:     0, übersprungen:     0, gesamt:     1, Dauer: 2 s - FinanceManager.Tests.E2E.dll (net10.0)
